  State: 0 -> ok
->new_game(easy)
  State: 1 -> ok
  +-*-+---+---+---+---+---+---+
  | X                         |
  +   +   +   +---+---+   +   +
  |       |   |       |       |
  +   +---+   +---+   +---+   +
  |   |                   |   |
  +   +   +   +   +---+   +   +
  |   |       |   |       |   |
  +   +   +---+   +   +   +   +
  |       |   |   |           |
  +---+   +   +   +---+   +---+
  |   |   |       |       |   |
  +   +   +   +   +---+   +   +
  |       |                   |
  +---+---+---+---+---+---+- -+

  Game Number: 1
  Score: 0 / 1

->move(E)
  State: 2 -> ok
  +-*-+---+---+---+---+---+---+
  | * * X                     |
  +   +   +   +---+---+   +   +
  |       |   |       |       |
  +   +---+   +---+   +---+   +
  |   |                   |   |
  +   +   +   +   +---+   +   +
  |   |       |   |       |   |
  +   +   +---+   +   +   +   +
  |       |   |   |           |
  +---+   +   +   +---+   +---+
  |   |   |       |       |   |
  +   +   +   +   +---+   +   +
  |       |                   |
  +---+---+---+---+---+---+- -+

  Game Number: 1
  Score: 0 / 1

->move(E)
  State: 3 -> ok
  +-*-+---+---+---+---+---+---+
  | * * * * X                 |
  +   +   +   +---+---+   +   +
  |       |   |       |       |
  +   +---+   +---+   +---+   +
  |   |                   |   |
  +   +   +   +   +---+   +   +
  |   |       |   |       |   |
  +   +   +---+   +   +   +   +
  |       |   |   |           |
  +---+   +   +   +---+   +---+
  |   |   |       |       |   |
  +   +   +   +   +---+   +   +
  |       |                   |
  +---+---+---+---+---+---+- -+

  Game Number: 1
  Score: 0 / 1

->move(E)
  State: 4 -> ok
  +-*-+---+---+---+---+---+---+
  | * * * * * * X             |
  +   +   +   +---+---+   +   +
  |       |   |       |       |
  +   +---+   +---+   +---+   +
  |   |                   |   |
  +   +   +   +   +---+   +   +
  |   |       |   |       |   |
  +   +   +---+   +   +   +   +
  |       |   |   |           |
  +---+   +   +   +---+   +---+
  |   |   |       |       |   |
  +   +   +   +   +---+   +   +
  |       |                   |
  +---+---+---+---+---+---+- -+

  Game Number: 1
  Score: 0 / 1

->move(E)
  State: 5 -> ok
  +-*-+---+---+---+---+---+---+
  | * * * * * * * * X         |
  +   +   +   +---+---+   +   +
  |       |   |       |       |
  +   +---+   +---+   +---+   +
  |   |                   |   |
  +   +   +   +   +---+   +   +
  |   |       |   |       |   |
  +   +   +---+   +   +   +   +
  |       |   |   |           |
  +---+   +   +   +---+   +---+
  |   |   |       |       |   |
  +   +   +   +   +---+   +   +
  |       |                   |
  +---+---+---+---+---+---+- -+

  Game Number: 1
  Score: 0 / 1

->move(E)
  State: 6 -> ok
  +-*-+---+---+---+---+---+---+
  | * * * * * * * * * * X     |
  +   +   +   +---+---+   +   +
  |       |   |       |       |
  +   +---+   +---+   +---+   +
  |   |                   |   |
  +   +   +   +   +---+   +   +
  |   |       |   |       |   |
  +   +   +---+   +   +   +   +
  |       |   |   |           |
  +---+   +   +   +---+   +---+
  |   |   |       |       |   |
  +   +   +   +   +---+   +   +
  |       |                   |
  +---+---+---+---+---+---+- -+

  Game Number: 1
  Score: 0 / 1

->move(E)
  State: 7 -> ok
  +-*-+---+---+---+---+---+---+
  | * * * * * * * * * * * * X |
  +   +   +   +---+---+   +   +
  |       |   |       |       |
  +   +---+   +---+   +---+   +
  |   |                   |   |
  +   +   +   +   +---+   +   +
  |   |       |   |       |   |
  +   +   +---+   +   +   +   +
  |       |   |   |           |
  +---+   +   +   +---+   +---+
  |   |   |       |       |   |
  +   +   +   +   +---+   +   +
  |       |                   |
  +---+---+---+---+---+---+- -+

  Game Number: 1
  Score: 0 / 1

->move(S)
  State: 8 -> ok
  +-*-+---+---+---+---+---+---+
  | * * * * * * * * * * * * * |
  +   +   +   +---+---+   + * +
  |       |   |       |     X |
  +   +---+   +---+   +---+   +
  |   |                   |   |
  +   +   +   +   +---+   +   +
  |   |       |   |       |   |
  +   +   +---+   +   +   +   +
  |       |   |   |           |
  +---+   +   +   +---+   +---+
  |   |   |       |       |   |
  +   +   +   +   +---+   +   +
  |       |                   |
  +---+---+---+---+---+---+- -+

  Game Number: 1
  Score: 0 / 1

->move(S)
  State: 9 -> ok
  +-*-+---+---+---+---+---+---+
  | * * * * * * * * * * * * * |
  +   +   +   +---+---+   + * +
  |       |   |       |     * |
  +   +---+   +---+   +---+ * +
  |   |                   | X |
  +   +   +   +   +---+   +   +
  |   |       |   |       |   |
  +   +   +---+   +   +   +   +
  |       |   |   |           |
  +---+   +   +   +---+   +---+
  |   |   |       |       |   |
  +   +   +   +   +---+   +   +
  |       |                   |
  +---+---+---+---+---+---+- -+

  Game Number: 1
  Score: 0 / 1

->move(S)
  State: 10 -> ok
  +-*-+---+---+---+---+---+---+
  | * * * * * * * * * * * * * |
  +   +   +   +---+---+   + * +
  |       |   |       |     * |
  +   +---+   +---+   +---+ * +
  |   |                   | * |
  +   +   +   +   +---+   + * +
  |   |       |   |       | X |
  +   +   +---+   +   +   +   +
  |       |   |   |           |
  +---+   +   +   +---+   +---+
  |   |   |       |       |   |
  +   +   +   +   +---+   +   +
  |       |                   |
  +---+---+---+---+---+---+- -+

  Game Number: 1
  Score: 0 / 1

->move(S)
  State: 11 -> ok
  +-*-+---+---+---+---+---+---+
  | * * * * * * * * * * * * * |
  +   +   +   +---+---+   + * +
  |       |   |       |     * |
  +   +---+   +---+   +---+ * +
  |   |                   | * |
  +   +   +   +   +---+   + * +
  |   |       |   |       | * |
  +   +   +---+   +   +   + * +
  |       |   |   |         X |
  +---+   +   +   +---+   +---+
  |   |   |       |       |   |
  +   +   +   +   +---+   +   +
  |       |                   |
  +---+---+---+---+---+---+- -+

  Game Number: 1
  Score: 0 / 1

->move(W)
  State: 12 -> ok
  +-*-+---+---+---+---+---+---+
  | * * * * * * * * * * * * * |
  +   +   +   +---+---+   + * +
  |       |   |       |     * |
  +   +---+   +---+   +---+ * +
  |   |                   | * |
  +   +   +   +   +---+   + * +
  |   |       |   |       | * |
  +   +   +---+   +   +   + * +
  |       |   |   |     X * * |
  +---+   +   +   +---+   +---+
  |   |   |       |       |   |
  +   +   +   +   +---+   +   +
  |       |                   |
  +---+---+---+---+---+---+- -+

  Game Number: 1
  Score: 0 / 1

->move(S)
  State: 13 -> ok
  +-*-+---+---+---+---+---+---+
  | * * * * * * * * * * * * * |
  +   +   +   +---+---+   + * +
  |       |   |       |     * |
  +   +---+   +---+   +---+ * +
  |   |                   | * |
  +   +   +   +   +---+   + * +
  |   |       |   |       | * |
  +   +   +---+   +   +   + * +
  |       |   |   |     * * * |
  +---+   +   +   +---+ * +---+
  |   |   |       |     X |   |
  +   +   +   +   +---+   +   +
  |       |                   |
  +---+---+---+---+---+---+- -+

  Game Number: 1
  Score: 0 / 1

->move(S)
  State: 14 -> ok
  +-*-+---+---+---+---+---+---+
  | * * * * * * * * * * * * * |
  +   +   +   +---+---+   + * +
  |       |   |       |     * |
  +   +---+   +---+   +---+ * +
  |   |                   | * |
  +   +   +   +   +---+   + * +
  |   |       |   |       | * |
  +   +   +---+   +   +   + * +
  |       |   |   |     * * * |
  +---+   +   +   +---+ * +---+
  |   |   |       |     * |   |
  +   +   +   +   +---+ * +   +
  |       |             X     |
  +---+---+---+---+---+---+- -+

  Game Number: 1
  Score: 0 / 1

->move(E)
  State: 15 -> ok
  +-*-+---+---+---+---+---+---+
  | * * * * * * * * * * * * * |
  +   +   +   +---+---+   + * +
  |       |   |       |     * |
  +   +---+   +---+   +---+ * +
  |   |                   | * |
  +   +   +   +   +---+   + * +
  |   |       |   |       | * |
  +   +   +---+   +   +   + * +
  |       |   |   |     * * * |
  +---+   +   +   +---+ * +---+
  |   |   |       |     * |   |
  +   +   +   +   +---+ * +   +
  |       |             * * * |
  +---+---+---+---+---+---+-X-+

  Congratulations! You escaped the maze!
  Game Number: 1
  Score: 1 / 1

->new_game(easy)
  State: 16 -> ok
  +-*-+---+---+---+---+---+---+
  | X                 |       |
  +   +   +   +---+---+   +   +
  |   |               |       |
  +---+   +---+   +---+   +   +
  |       |   |           |   |
  +   +   +   +---+   +---+   +
  |                   |   |   |
  +   +   +   +   +   +   +   +
  |   |   |   |               |
  +---+---+---+   +---+   +   +
  |           |   |   |   |   |
  +   +   +---+---+   +   +   +
  |               |           |
  +---+---+---+---+---+---+- -+

  Game Number: 2
  Score: 1 / 2

->move(E)
  State: 17 -> ok
  +-*-+---+---+---+---+---+---+
  | * * X             |       |
  +   +   +   +---+---+   +   +
  |   |               |       |
  +---+   +---+   +---+   +   +
  |       |   |           |   |
  +   +   +   +---+   +---+   +
  |                   |   |   |
  +   +   +   +   +   +   +   +
  |   |   |   |               |
  +---+---+---+   +---+   +   +
  |           |   |   |   |   |
  +   +   +---+---+   +   +   +
  |               |           |
  +---+---+---+---+---+---+- -+

  Game Number: 2
  Score: 1 / 2

->move(S)
  State: 18 -> ok
  +-*-+---+---+---+---+---+---+
  | * * *             |       |
  +   + * +   +---+---+   +   +
  |   | X             |       |
  +---+   +---+   +---+   +   +
  |       |   |           |   |
  +   +   +   +---+   +---+   +
  |                   |   |   |
  +   +   +   +   +   +   +   +
  |   |   |   |               |
  +---+---+---+   +---+   +   +
  |           |   |   |   |   |
  +   +   +---+---+   +   +   +
  |               |           |
  +---+---+---+---+---+---+- -+

  Game Number: 2
  Score: 1 / 2

->solve
  State: 19 -> ok
  +-*-+---+---+---+---+---+---+
  | * * *             |       |
  +   + * +   +---+---+   +   +
  |   | X   o   o     |       |
  +---+   +---+   +---+   +   +
  |       |   | o   o     |   |
  +   +   +   +---+   +---+   +
  |                 o |   |   |
  +   +   +   +   +   +   +   +
  |   |   |   |     o   o   o |
  +---+---+---+   +---+   +   +
  |           |   |   |   | o |
  +   +   +---+---+   +   +   +
  |               |         o |
  +---+---+---+---+---+---+- -+

  Since you used the solution, no points are awarded.
  Game Number: 2
  Score: 1 / 2

->move(E)
  State: 20 -> ok
  +-*-+---+---+---+---+---+---+
  | * * *             |       |
  +   + * +   +---+---+   +   +
  |   | * * X   o     |       |
  +---+   +---+   +---+   +   +
  |       |   | o   o     |   |
  +   +   +   +---+   +---+   +
  |                 o |   |   |
  +   +   +   +   +   +   +   +
  |   |   |   |     o   o   o |
  +---+---+---+   +---+   +   +
  |           |   |   |   | o |
  +   +   +---+---+   +   +   +
  |               |         o |
  +---+---+---+---+---+---+- -+

  Since you used the solution, no points are awarded.
  Game Number: 2
  Score: 1 / 2

->move(E)
  State: 21 -> ok
  +-*-+---+---+---+---+---+---+
  | * * *             |       |
  +   + * +   +---+---+   +   +
  |   | * * * * X     |       |
  +---+   +---+   +---+   +   +
  |       |   | o   o     |   |
  +   +   +   +---+   +---+   +
  |                 o |   |   |
  +   +   +   +   +   +   +   +
  |   |   |   |     o   o   o |
  +---+---+---+   +---+   +   +
  |           |   |   |   | o |
  +   +   +---+---+   +   +   +
  |               |         o |
  +---+---+---+---+---+---+- -+

  Since you used the solution, no points are awarded.
  Game Number: 2
  Score: 1 / 2

->move(S)
  State: 22 -> ok
  +-*-+---+---+---+---+---+---+
  | * * *             |       |
  +   + * +   +---+---+   +   +
  |   | * * * * *     |       |
  +---+   +---+ * +---+   +   +
  |       |   | X   o     |   |
  +   +   +   +---+   +---+   +
  |                 o |   |   |
  +   +   +   +   +   +   +   +
  |   |   |   |     o   o   o |
  +---+---+---+   +---+   +   +
  |           |   |   |   | o |
  +   +   +---+---+   +   +   +
  |               |         o |
  +---+---+---+---+---+---+- -+

  Since you used the solution, no points are awarded.
  Game Number: 2
  Score: 1 / 2

->move(E)
  State: 23 -> ok
  +-*-+---+---+---+---+---+---+
  | * * *             |       |
  +   + * +   +---+---+   +   +
  |   | * * * * *     |       |
  +---+   +---+ * +---+   +   +
  |       |   | * * X     |   |
  +   +   +   +---+   +---+   +
  |                 o |   |   |
  +   +   +   +   +   +   +   +
  |   |   |   |     o   o   o |
  +---+---+---+   +---+   +   +
  |           |   |   |   | o |
  +   +   +---+---+   +   +   +
  |               |         o |
  +---+---+---+---+---+---+- -+

  Since you used the solution, no points are awarded.
  Game Number: 2
  Score: 1 / 2

->move(E)
  State: 24 -> ok
  +-*-+---+---+---+---+---+---+
  | * * *             |       |
  +   + * +   +---+---+   +   +
  |   | * * * * *     |       |
  +---+   +---+ * +---+   +   +
  |       |   | * * * * X |   |
  +   +   +   +---+   +---+   +
  |                 o |   |   |
  +   +   +   +   +   +   +   +
  |   |   |   |     o   o   o |
  +---+---+---+   +---+   +   +
  |           |   |   |   | o |
  +   +   +---+---+   +   +   +
  |               |         o |
  +---+---+---+---+---+---+- -+

  Since you used the solution, no points are awarded.
  Game Number: 2
  Score: 1 / 2

->move(N)
  State: 25 -> ok
  +-*-+---+---+---+---+---+---+
  | * * *             |       |
  +   + * +   +---+---+   +   +
  |   | * * * * *     | X     |
  +---+   +---+ * +---+ * +   +
  |       |   | * * * * * |   |
  +   +   +   +---+   +---+   +
  |                 o |   |   |
  +   +   +   +   +   +   +   +
  |   |   |   |     o   o   o |
  +---+---+---+   +---+   +   +
  |           |   |   |   | o |
  +   +   +---+---+   +   +   +
  |               |         o |
  +---+---+---+---+---+---+- -+

  Since you used the solution, no points are awarded.
  Game Number: 2
  Score: 1 / 2

->move(N)
  State: 26 -> ok
  +-*-+---+---+---+---+---+---+
  | * * *             | X     |
  +   + * +   +---+---+ * +   +
  |   | * * * * *     | *     |
  +---+   +---+ * +---+ * +   +
  |       |   | * * * * * |   |
  +   +   +   +---+   +---+   +
  |                 o |   |   |
  +   +   +   +   +   +   +   +
  |   |   |   |     o   o   o |
  +---+---+---+   +---+   +   +
  |           |   |   |   | o |
  +   +   +---+---+   +   +   +
  |               |         o |
  +---+---+---+---+---+---+- -+

  Since you used the solution, no points are awarded.
  Game Number: 2
  Score: 1 / 2

->move(E)
  State: 27 -> ok
  +-*-+---+---+---+---+---+---+
  | * * *             | * * X |
  +   + * +   +---+---+ * +   +
  |   | * * * * *     | *     |
  +---+   +---+ * +---+ * +   +
  |       |   | * * * * * |   |
  +   +   +   +---+   +---+   +
  |                 o |   |   |
  +   +   +   +   +   +   +   +
  |   |   |   |     o   o   o |
  +---+---+---+   +---+   +   +
  |           |   |   |   | o |
  +   +   +---+---+   +   +   +
  |               |         o |
  +---+---+---+---+---+---+- -+

  Since you used the solution, no points are awarded.
  Game Number: 2
  Score: 1 / 2

->solve
  State: 28 -> ok
  +-*-+---+---+---+---+---+---+
  | * * *             | * * X |
  +   + * +   +---+---+ * +   +
  |   | * * * * *     | *   o |
  +---+   +---+ * +---+ * +   +
  |       |   | * * * * * | o |
  +   +   +   +---+   +---+   +
  |                   |   | o |
  +   +   +   +   +   +   +   +
  |   |   |   |             o |
  +---+---+---+   +---+   +   +
  |           |   |   |   | o |
  +   +   +---+---+   +   +   +
  |               |         o |
  +---+---+---+---+---+---+- -+

  Since you used the solution, no points are awarded.
  Game Number: 2
  Score: 1 / 2

->move(S)
  State: 29 -> ok
  +-*-+---+---+---+---+---+---+
  | * * *             | * * * |
  +   + * +   +---+---+ * + * +
  |   | * * * * *     | *   X |
  +---+   +---+ * +---+ * +   +
  |       |   | * * * * * | o |
  +   +   +   +---+   +---+   +
  |                   |   | o |
  +   +   +   +   +   +   +   +
  |   |   |   |             o |
  +---+---+---+   +---+   +   +
  |           |   |   |   | o |
  +   +   +---+---+   +   +   +
  |               |         o |
  +---+---+---+---+---+---+- -+

  Since you used the solution, no points are awarded.
  Game Number: 2
  Score: 1 / 2

->move(S)
  State: 30 -> ok
  +-*-+---+---+---+---+---+---+
  | * * *             | * * * |
  +   + * +   +---+---+ * + * +
  |   | * * * * *     | *   * |
  +---+   +---+ * +---+ * + * +
  |       |   | * * * * * | X |
  +   +   +   +---+   +---+   +
  |                   |   | o |
  +   +   +   +   +   +   +   +
  |   |   |   |             o |
  +---+---+---+   +---+   +   +
  |           |   |   |   | o |
  +   +   +---+---+   +   +   +
  |               |         o |
  +---+---+---+---+---+---+- -+

  Since you used the solution, no points are awarded.
  Game Number: 2
  Score: 1 / 2

->move(S)
  State: 31 -> ok
  +-*-+---+---+---+---+---+---+
  | * * *             | * * * |
  +   + * +   +---+---+ * + * +
  |   | * * * * *     | *   * |
  +---+   +---+ * +---+ * + * +
  |       |   | * * * * * | * |
  +   +   +   +---+   +---+ * +
  |                   |   | X |
  +   +   +   +   +   +   +   +
  |   |   |   |             o |
  +---+---+---+   +---+   +   +
  |           |   |   |   | o |
  +   +   +---+---+   +   +   +
  |               |         o |
  +---+---+---+---+---+---+- -+

  Since you used the solution, no points are awarded.
  Game Number: 2
  Score: 1 / 2

->move(S)
  State: 32 -> ok
  +-*-+---+---+---+---+---+---+
  | * * *             | * * * |
  +   + * +   +---+---+ * + * +
  |   | * * * * *     | *   * |
  +---+   +---+ * +---+ * + * +
  |       |   | * * * * * | * |
  +   +   +   +---+   +---+ * +
  |                   |   | * |
  +   +   +   +   +   +   + * +
  |   |   |   |             X |
  +---+---+---+   +---+   +   +
  |           |   |   |   | o |
  +   +   +---+---+   +   +   +
  |               |         o |
  +---+---+---+---+---+---+- -+

  Since you used the solution, no points are awarded.
  Game Number: 2
  Score: 1 / 2

->move(S)
  State: 33 -> ok
  +-*-+---+---+---+---+---+---+
  | * * *             | * * * |
  +   + * +   +---+---+ * + * +
  |   | * * * * *     | *   * |
  +---+   +---+ * +---+ * + * +
  |       |   | * * * * * | * |
  +   +   +   +---+   +---+ * +
  |                   |   | * |
  +   +   +   +   +   +   + * +
  |   |   |   |             * |
  +---+---+---+   +---+   + * +
  |           |   |   |   | X |
  +   +   +---+---+   +   +   +
  |               |         o |
  +---+---+---+---+---+---+- -+

  Since you used the solution, no points are awarded.
  Game Number: 2
  Score: 1 / 2

->move(S)
  State: 34 -> ok
  +-*-+---+---+---+---+---+---+
  | * * *             | * * * |
  +   + * +   +---+---+ * + * +
  |   | * * * * *     | *   * |
  +---+   +---+ * +---+ * + * +
  |       |   | * * * * * | * |
  +   +   +   +---+   +---+ * +
  |                   |   | * |
  +   +   +   +   +   +   + * +
  |   |   |   |             * |
  +---+---+---+   +---+   + * +
  |           |   |   |   | * |
  +   +   +---+---+   +   + * +
  |               |         * |
  +---+---+---+---+---+---+-X-+

  Congratulations! You escaped the maze!
  Since you used the solution, no points are awarded.
  Game Number: 2
  Score: 1 / 2

->move(S)
  State: 35 -> Error! Not in a game.
->solve
  State: 36 -> Error! Not in a game.
->abort
  State: 37 -> Error! Not in a game.
->new_game(easy)
  State: 38 -> ok
  +-*-+---+---+---+---+---+---+
  | X                         |
  +---+---+   +---+---+   +   +
  |               |   |   |   |
  +---+---+   +---+   +   +   +
  |           |           |   |
  +   +   +---+   +---+---+   +
  |                           |
  +---+---+   +---+---+---+   +
  |       |       |   |       |
  +   +   +   +   +   +   +   +
  |       |       |   |       |
  +   +---+   +---+   +---+   +
  |       |                   |
  +---+---+---+---+---+---+- -+

  Game Number: 3
  Score: 1 / 3

->move(E)
  State: 39 -> ok
  +-*-+---+---+---+---+---+---+
  | * * X                     |
  +---+---+   +---+---+   +   +
  |               |   |   |   |
  +---+---+   +---+   +   +   +
  |           |           |   |
  +   +   +---+   +---+---+   +
  |                           |
  +---+---+   +---+---+---+   +
  |       |       |   |       |
  +   +   +   +   +   +   +   +
  |       |       |   |       |
  +   +---+   +---+   +---+   +
  |       |                   |
  +---+---+---+---+---+---+- -+

  Game Number: 3
  Score: 1 / 3

->move(E)
  State: 40 -> ok
  +-*-+---+---+---+---+---+---+
  | * * * * X                 |
  +---+---+   +---+---+   +   +
  |               |   |   |   |
  +---+---+   +---+   +   +   +
  |           |           |   |
  +   +   +---+   +---+---+   +
  |                           |
  +---+---+   +---+---+---+   +
  |       |       |   |       |
  +   +   +   +   +   +   +   +
  |       |       |   |       |
  +   +---+   +---+   +---+   +
  |       |                   |
  +---+---+---+---+---+---+- -+

  Game Number: 3
  Score: 1 / 3

->solve
  State: 41 -> ok
  +-*-+---+---+---+---+---+---+
  | * * * * X   o   o   o   o |
  +---+---+   +---+---+   +   +
  |               |   |   | o |
  +---+---+   +---+   +   +   +
  |           |           | o |
  +   +   +---+   +---+---+   +
  |                         o |
  +---+---+   +---+---+---+   +
  |       |       |   |     o |
  +   +   +   +   +   +   +   +
  |       |       |   |     o |
  +   +---+   +---+   +---+   +
  |       |                 o |
  +---+---+---+---+---+---+- -+

  Since you used the solution, no points are awarded.
  Game Number: 3
  Score: 1 / 3

->move(S)
  State: 42 -> ok
  +-*-+---+---+---+---+---+---+
  | * * * * *   o   o   o   o |
  +---+---+ * +---+---+   +   +
  |         X     |   |   | o |
  +---+---+   +---+   +   +   +
  |           |           | o |
  +   +   +---+   +---+---+   +
  |                         o |
  +---+---+   +---+---+---+   +
  |       |       |   |     o |
  +   +   +   +   +   +   +   +
  |       |       |   |     o |
  +   +---+   +---+   +---+   +
  |       |                 o |
  +---+---+---+---+---+---+- -+

  Since you used the solution, no points are awarded.
  Game Number: 3
  Score: 1 / 3

->move(S)
  State: 43 -> ok
  +-*-+---+---+---+---+---+---+
  | * * * * *   o   o   o   o |
  +---+---+ * +---+---+   +   +
  |         *     |   |   | o |
  +---+---+ * +---+   +   +   +
  |         X |           | o |
  +   +   +---+   +---+---+   +
  |                         o |
  +---+---+   +---+---+---+   +
  |       |       |   |     o |
  +   +   +   +   +   +   +   +
  |       |       |   |     o |
  +   +---+   +---+   +---+   +
  |       |                 o |
  +---+---+---+---+---+---+- -+

  Since you used the solution, no points are awarded.
  Game Number: 3
  Score: 1 / 3

->move(W)
  State: 44 -> ok
  +-*-+---+---+---+---+---+---+
  | * * * * *   o   o   o   o |
  +---+---+ * +---+---+   +   +
  |         *     |   |   | o |
  +---+---+ * +---+   +   +   +
  |     X * * |           | o |
  +   +   +---+   +---+---+   +
  |                         o |
  +---+---+   +---+---+---+   +
  |       |       |   |     o |
  +   +   +   +   +   +   +   +
  |       |       |   |     o |
  +   +---+   +---+   +---+   +
  |       |                 o |
  +---+---+---+---+---+---+- -+

  Since you used the solution, no points are awarded.
  Game Number: 3
  Score: 1 / 3

->move(S)
  State: 45 -> ok
  +-*-+---+---+---+---+---+---+
  | * * * * *   o   o   o   o |
  +---+---+ * +---+---+   +   +
  |         *     |   |   | o |
  +---+---+ * +---+   +   +   +
  |     * * * |           | o |
  +   + * +---+   +---+---+   +
  |     X                   o |
  +---+---+   +---+---+---+   +
  |       |       |   |     o |
  +   +   +   +   +   +   +   +
  |       |       |   |     o |
  +   +---+   +---+   +---+   +
  |       |                 o |
  +---+---+---+---+---+---+- -+

  Since you used the solution, no points are awarded.
  Game Number: 3
  Score: 1 / 3

->solve
  State: 46 -> ok
  +-*-+---+---+---+---+---+---+
  | * * * * *                 |
  +---+---+ * +---+---+   +   +
  |         *     |   |   |   |
  +---+---+ * +---+   +   +   +
  |     * * * |           |   |
  +   + * +---+   +---+---+   +
  |     X   o   o   o   o   o |
  +---+---+   +---+---+---+   +
  |       |       |   |     o |
  +   +   +   +   +   +   +   +
  |       |       |   |     o |
  +   +---+   +---+   +---+   +
  |       |                 o |
  +---+---+---+---+---+---+- -+

  Since you used the solution, no points are awarded.
  Game Number: 3
  Score: 1 / 3

->move(E)
  State: 47 -> ok
  +-*-+---+---+---+---+---+---+
  | * * * * *                 |
  +---+---+ * +---+---+   +   +
  |         *     |   |   |   |
  +---+---+ * +---+   +   +   +
  |     * * * |           |   |
  +   + * +---+   +---+---+   +
  |     * * X   o   o   o   o |
  +---+---+   +---+---+---+   +
  |       |       |   |     o |
  +   +   +   +   +   +   +   +
  |       |       |   |     o |
  +   +---+   +---+   +---+   +
  |       |                 o |
  +---+---+---+---+---+---+- -+

  Since you used the solution, no points are awarded.
  Game Number: 3
  Score: 1 / 3

->move(E)
  State: 48 -> ok
  +-*-+---+---+---+---+---+---+
  | * * * * *                 |
  +---+---+ * +---+---+   +   +
  |         *     |   |   |   |
  +---+---+ * +---+   +   +   +
  |     * * * |           |   |
  +   + * +---+   +---+---+   +
  |     * * * * X   o   o   o |
  +---+---+   +---+---+---+   +
  |       |       |   |     o |
  +   +   +   +   +   +   +   +
  |       |       |   |     o |
  +   +---+   +---+   +---+   +
  |       |                 o |
  +---+---+---+---+---+---+- -+

  Since you used the solution, no points are awarded.
  Game Number: 3
  Score: 1 / 3

->move(E)
  State: 49 -> ok
  +-*-+---+---+---+---+---+---+
  | * * * * *                 |
  +---+---+ * +---+---+   +   +
  |         *     |   |   |   |
  +---+---+ * +---+   +   +   +
  |     * * * |           |   |
  +   + * +---+   +---+---+   +
  |     * * * * * * X   o   o |
  +---+---+   +---+---+---+   +
  |       |       |   |     o |
  +   +   +   +   +   +   +   +
  |       |       |   |     o |
  +   +---+   +---+   +---+   +
  |       |                 o |
  +---+---+---+---+---+---+- -+

  Since you used the solution, no points are awarded.
  Game Number: 3
  Score: 1 / 3

->move(E)
  State: 50 -> ok
  +-*-+---+---+---+---+---+---+
  | * * * * *                 |
  +---+---+ * +---+---+   +   +
  |         *     |   |   |   |
  +---+---+ * +---+   +   +   +
  |     * * * |           |   |
  +   + * +---+   +---+---+   +
  |     * * * * * * * * X   o |
  +---+---+   +---+---+---+   +
  |       |       |   |     o |
  +   +   +   +   +   +   +   +
  |       |       |   |     o |
  +   +---+   +---+   +---+   +
  |       |                 o |
  +---+---+---+---+---+---+- -+

  Since you used the solution, no points are awarded.
  Game Number: 3
  Score: 1 / 3

->move(E)
  State: 51 -> ok
  +-*-+---+---+---+---+---+---+
  | * * * * *                 |
  +---+---+ * +---+---+   +   +
  |         *     |   |   |   |
  +---+---+ * +---+   +   +   +
  |     * * * |           |   |
  +   + * +---+   +---+---+   +
  |     * * * * * * * * * * X |
  +---+---+   +---+---+---+   +
  |       |       |   |     o |
  +   +   +   +   +   +   +   +
  |       |       |   |     o |
  +   +---+   +---+   +---+   +
  |       |                 o |
  +---+---+---+---+---+---+- -+

  Since you used the solution, no points are awarded.
  Game Number: 3
  Score: 1 / 3

->move(S)
  State: 52 -> ok
  +-*-+---+---+---+---+---+---+
  | * * * * *                 |
  +---+---+ * +---+---+   +   +
  |         *     |   |   |   |
  +---+---+ * +---+   +   +   +
  |     * * * |           |   |
  +   + * +---+   +---+---+   +
  |     * * * * * * * * * * * |
  +---+---+   +---+---+---+ * +
  |       |       |   |     X |
  +   +   +   +   +   +   +   +
  |       |       |   |     o |
  +   +---+   +---+   +---+   +
  |       |                 o |
  +---+---+---+---+---+---+- -+

  Since you used the solution, no points are awarded.
  Game Number: 3
  Score: 1 / 3

->move(S)
  State: 53 -> ok
  +-*-+---+---+---+---+---+---+
  | * * * * *                 |
  +---+---+ * +---+---+   +   +
  |         *     |   |   |   |
  +---+---+ * +---+   +   +   +
  |     * * * |           |   |
  +   + * +---+   +---+---+   +
  |     * * * * * * * * * * * |
  +---+---+   +---+---+---+ * +
  |       |       |   |     * |
  +   +   +   +   +   +   + * +
  |       |       |   |     X |
  +   +---+   +---+   +---+   +
  |       |                 o |
  +---+---+---+---+---+---+- -+

  Since you used the solution, no points are awarded.
  Game Number: 3
  Score: 1 / 3

->move(S)
  State: 54 -> ok
  +-*-+---+---+---+---+---+---+
  | * * * * *                 |
  +---+---+ * +---+---+   +   +
  |         *     |   |   |   |
  +---+---+ * +---+   +   +   +
  |     * * * |           |   |
  +   + * +---+   +---+---+   +
  |     * * * * * * * * * * * |
  +---+---+   +---+---+---+ * +
  |       |       |   |     * |
  +   +   +   +   +   +   + * +
  |       |       |   |     * |
  +   +---+   +---+   +---+ * +
  |       |                 * |
  +---+---+---+---+---+---+-X-+

  Congratulations! You escaped the maze!
  Since you used the solution, no points are awarded.
  Game Number: 3
  Score: 1 / 3

->new_game(easy)
  State: 55 -> ok
  +-*-+---+---+---+---+---+---+
  | X                         |
  +   +   +---+   +---+   +   +
  |       |           |   |   |
  +   +   +---+   +   +---+   +
  |       |       |   |       |
  +   +   +   +   +---+---+   +
  |   |               |       |
  +   +   +---+---+   +---+---+
  |   |                   |   |
  +   +   +   +---+   +   +   +
  |   |   |   |   |       |   |
  +   +   +   +   +---+---+   +
  |       |               |   |
  +---+---+---+---+---+---+- -+

  Game Number: 4
  Score: 1 / 4

->move(S)
  State: 56 -> ok
  +-*-+---+---+---+---+---+---+
  | *                         |
  + * +   +---+   +---+   +   +
  | X     |           |   |   |
  +   +   +---+   +   +---+   +
  |       |       |   |       |
  +   +   +   +   +---+---+   +
  |   |               |       |
  +   +   +---+---+   +---+---+
  |   |                   |   |
  +   +   +   +---+   +   +   +
  |   |   |   |   |       |   |
  +   +   +   +   +---+---+   +
  |       |               |   |
  +---+---+---+---+---+---+- -+

  Game Number: 4
  Score: 1 / 4

->move(S)
  State: 57 -> ok
  +-*-+---+---+---+---+---+---+
  | *                         |
  + * +   +---+   +---+   +   +
  | *     |           |   |   |
  + * +   +---+   +   +---+   +
  | X     |       |   |       |
  +   +   +   +   +---+---+   +
  |   |               |       |
  +   +   +---+---+   +---+---+
  |   |                   |   |
  +   +   +   +---+   +   +   +
  |   |   |   |   |       |   |
  +   +   +   +   +---+---+   +
  |       |               |   |
  +---+---+---+---+---+---+- -+

  Game Number: 4
  Score: 1 / 4

->move(S)
  State: 58 -> ok
  +-*-+---+---+---+---+---+---+
  | *                         |
  + * +   +---+   +---+   +   +
  | *     |           |   |   |
  + * +   +---+   +   +---+   +
  | *     |       |   |       |
  + * +   +   +   +---+---+   +
  | X |               |       |
  +   +   +---+---+   +---+---+
  |   |                   |   |
  +   +   +   +---+   +   +   +
  |   |   |   |   |       |   |
  +   +   +   +   +---+---+   +
  |       |               |   |
  +---+---+---+---+---+---+- -+

  Game Number: 4
  Score: 1 / 4

->solve
  State: 59 -> Error! Maze is not solvable, you may abort with no penalty.
  Game Number: 4
  Score: 1 / 4

->move(S)
  State: 60 -> ok
  +-*-+---+---+---+---+---+---+
  | *                         |
  + * +   +---+   +---+   +   +
  | *     |           |   |   |
  + * +   +---+   +   +---+   +
  | *     |       |   |       |
  + * +   +   +   +---+---+   +
  | * |               |       |
  + * +   +---+---+   +---+---+
  | X |                   |   |
  +   +   +   +---+   +   +   +
  |   |   |   |   |       |   |
  +   +   +   +   +---+---+   +
  |       |               |   |
  +---+---+---+---+---+---+- -+

  Game Number: 4
  Score: 1 / 4

->move(S)
  State: 61 -> ok
  +-*-+---+---+---+---+---+---+
  | *                         |
  + * +   +---+   +---+   +   +
  | *     |           |   |   |
  + * +   +---+   +   +---+   +
  | *     |       |   |       |
  + * +   +   +   +---+---+   +
  | * |               |       |
  + * +   +---+---+   +---+---+
  | * |                   |   |
  + * +   +   +---+   +   +   +
  | X |   |   |   |       |   |
  +   +   +   +   +---+---+   +
  |       |               |   |
  +---+---+---+---+---+---+- -+

  Game Number: 4
  Score: 1 / 4

->abort
  State: 62 -> ok
->new_game(easy)
  State: 63 -> ok
  +-*-+---+---+---+---+---+---+
  | X     |   |               |
  +---+   +   +---+   +   +   +
  |   |       |       |       |
  +   +---+   +   +   +---+---+
  |   |   |               |   |
  +   +   +   +   +   +---+   +
  |           |   |   |       |
  +   +---+   +---+---+---+   +
  |       |           |       |
  +   +---+---+   +---+   +---+
  |   |       |           |   |
  +   +   +   +   +   +   +   +
  |                           |
  +---+---+---+---+---+---+- -+

  Game Number: 5
  Score: 1 / 4

->abort
  State: 64 -> ok
->new_game(medium)
  State: 65 -> ok
  +-*-+---+---+---+---+---+---+---+---+---+---+
  | X     |   |                           |   |
  +   +   +   +   +---+---+   +---+---+   +   +
  |   |           |   |       |   |   |       |
  +   +   +   +   +   +---+   +   +   +   +   +
  |       |       |       |       |       |   |
  +   +   +---+   +   +   +---+   +   +---+   +
  |   |   |           |   |   |   |   |       |
  +---+---+---+   +   +   +   +---+---+   +   +
  |   |   |       |       |               |   |
  +   +   +   +   +   +   +---+   +---+---+   +
  |               |   |       |               |
  +---+   +---+---+   +---+   +   +   +---+   +
  |               |       |               |   |
  +   +---+   +---+   +   +   +---+---+   +   +
  |   |   |       |       |           |       |
  +---+   +---+   +   +---+   +   +   +---+   +
  |   |       |           |   |               |
  +   +---+   +---+   +   +---+   +   +   +   +
  |       |   |       |   |   |           |   |
  +   +   +   +---+---+   +   +---+   +---+   +
  |               |                           |
  +---+---+---+---+---+---+---+---+---+---+- -+

  Game Number: 6
  Score: 1 / 6

->solve
  State: 66 -> ok
  +-*-+---+---+---+---+---+---+---+---+---+---+
  | X   o |   |                           |   |
  +   +   +   +   +---+---+   +---+---+   +   +
  |   | o   o   o |   |       |   |   |       |
  +   +   +   +   +   +---+   +   +   +   +   +
  |       |     o |       |       |       |   |
  +   +   +---+   +   +   +---+   +   +---+   +
  |   |   |     o   o |   |   |   |   |       |
  +---+---+---+   +   +   +   +---+---+   +   +
  |   |   |       | o   o |               |   |
  +   +   +   +   +   +   +---+   +---+---+   +
  |               |   | o   o |               |
  +---+   +---+---+   +---+   +   +   +---+   +
  |               |       | o   o   o   o |   |
  +   +---+   +---+   +   +   +---+---+   +   +
  |   |   |       |       |           | o   o |
  +---+   +---+   +   +---+   +   +   +---+   +
  |   |       |           |   |             o |
  +   +---+   +---+   +   +---+   +   +   +   +
  |       |   |       |   |   |           | o |
  +   +   +   +---+---+   +   +---+   +---+   +
  |               |                         o |
  +---+---+---+---+---+---+---+---+---+---+- -+

  Since you used the solution, no points are awarded.
  Game Number: 6
  Score: 1 / 6

