  state:0.0, ok
  Welcome! Try test(30)
->play
  state:1.0, mode:play, ok
  Movement:none
    (1:1)  (1:2)  (1:3)  (1:4)  (1:5)  
    E---   *---   P---   ----   PP--   
    (2:1)  (2:2)  (2:3)  (2:4)  (2:5)  
    ----   ----   W---   ----   P---   
    (3:1)  (3:2)  (3:3)  (3:4)  (3:5)  
    PY--   ----   O---   PW--   ----   
    (4:1)  (4:2)  (4:3)  (4:4)  (4:5)  
    W---   P*--   P---   P*--   ----   
    (5:1)  (5:2)  (5:3)  (5:4)  (5:5)  
    PW--   ----   *---   ----   PW--   
->abort
  state:1.1, ok
  Mission aborted. Try test(30)
->play
  state:2.0, mode:play, ok
  Movement:none
    (1:1)  (1:2)  (1:3)  (1:4)  (1:5)  
    EW--   PPP*   PP--   P---   Y---   
    (2:1)  (2:2)  (2:3)  (2:4)  (2:5)  
    ----   *---   PY--   ----   P---   
    (3:1)  (3:2)  (3:3)  (3:4)  (3:5)  
    P---   ----   O---   PY--   P---   
    (4:1)  (4:2)  (4:3)  (4:4)  (4:5)  
    ----   ----   W---   P---   ----   
    (5:1)  (5:2)  (5:3)  (5:4)  (5:5)  
    ----   PY--   P---   *---   PW--   
->abort
  state:2.1, ok
  Mission aborted. Try test(30)
->play
  state:3.0, mode:play, ok
  Movement:none
    (1:1)  (1:2)  (1:3)  (1:4)  (1:5)  
    EP--   PY--   P---   P---   W---   
    (2:1)  (2:2)  (2:3)  (2:4)  (2:5)  
    PP--   ----   ----   ----   P---   
    (3:1)  (3:2)  (3:3)  (3:4)  (3:5)  
    W---   *---   O---   PPPW   PY--   
    (4:1)  (4:2)  (4:3)  (4:4)  (4:5)  
    P*--   W---   P---   P---   ----   
    (5:1)  (5:2)  (5:3)  (5:4)  (5:5)  
    ----   ----   P*--   P---   Y---   
->abort
  state:3.1, ok
  Mission aborted. Try test(30)
->play
  state:4.0, mode:play, ok
  Movement:none
    (1:1)  (1:2)  (1:3)  (1:4)  (1:5)  
    E---   P---   W---   ----   P---   
    (2:1)  (2:2)  (2:3)  (2:4)  (2:5)  
    ----   P*--   P---   ----   ----   
    (3:1)  (3:2)  (3:3)  (3:4)  (3:5)  
    P---   P---   O---   ----   P---   
    (4:1)  (4:2)  (4:3)  (4:4)  (4:5)  
    P---   PY--   *---   W---   W---   
    (5:1)  (5:2)  (5:3)  (5:4)  (5:5)  
    *---   Y---   P*--   P*--   ----   
->abort
  state:4.1, ok
  Mission aborted. Try test(30)
->play
  state:5.0, mode:play, ok
  Movement:none
    (1:1)  (1:2)  (1:3)  (1:4)  (1:5)  
    EW--   *---   P---   P*--   ----   
    (2:1)  (2:2)  (2:3)  (2:4)  (2:5)  
    PP--   P*--   W---   ----   PP*-   
    (3:1)  (3:2)  (3:3)  (3:4)  (3:5)  
    P*--   ----   O---   ----   ----   
    (4:1)  (4:2)  (4:3)  (4:4)  (4:5)  
    ----   ----   W---   *---   ----   
    (5:1)  (5:2)  (5:3)  (5:4)  (5:5)  
    P---   PY--   ----   ----   P---   
->abort
  state:5.1, ok
  Mission aborted. Try test(30)
->play
  state:6.0, mode:play, ok
  Movement:none
    (1:1)  (1:2)  (1:3)  (1:4)  (1:5)  
    E---   P*--   ----   ----   PW--   
    (2:1)  (2:2)  (2:3)  (2:4)  (2:5)  
    PW--   P---   ----   Y---   P---   
    (3:1)  (3:2)  (3:3)  (3:4)  (3:5)  
    ----   P*--   O---   PW--   P---   
    (4:1)  (4:2)  (4:3)  (4:4)  (4:5)  
    W---   Y---   P---   ----   ----   
    (5:1)  (5:2)  (5:3)  (5:4)  (5:5)  
    PY--   ----   W---   ----   P---   
->move(N)
  state:7.0, mode:play, ok
  Movement:
    [0,E]:[1,1,1]->[5,1,3]
    [8,P]:[3,5,1]->[4,4,1]
    [11,P]:[5,5,1]->[1,4,1]
    (1:1)  (1:2)  (1:3)  (1:4)  (1:5)  
    ----   P*--   ----   P---   PW--   
    (2:1)  (2:2)  (2:3)  (2:4)  (2:5)  
    PW--   P---   ----   Y---   P---   
    (3:1)  (3:2)  (3:3)  (3:4)  (3:5)  
    ----   P*--   O---   PW--   ----   
    (4:1)  (4:2)  (4:3)  (4:4)  (4:5)  
    W---   Y---   P---   P---   ----   
    (5:1)  (5:2)  (5:3)  (5:4)  (5:5)  
    PYE-   ----   W---   ----   ----   
->move(NE)
  state:8.0, mode:play, ok
  Movement:
    [0,E]:[5,1,3]->[4,2,2]
    [2,P]:[1,5,1]->[2,5,2]
    [4,P]:[2,2,1]->[1,2,3]
    [7,P]:[3,4,1]->[3,5,1]
    (1:1)  (1:2)  (1:3)  (1:4)  (1:5)  
    ----   P*P-   ----   P---   -W--   
    (2:1)  (2:2)  (2:3)  (2:4)  (2:5)  
    PW--   ----   ----   Y---   PP--   
    (3:1)  (3:2)  (3:3)  (3:4)  (3:5)  
    ----   P*--   O---   -W--   P---   
    (4:1)  (4:2)  (4:3)  (4:4)  (4:5)  
    W---   YE--   P---   P---   ----   
    (5:1)  (5:2)  (5:3)  (5:4)  (5:5)  
    PY--   ----   W---   ----   ----   
->move(SW)
  state:9.0, mode:play, ok
  Movement:
    [0,E]:[4,2,2]->[5,1,3]
    [3,P]:[2,1,1]->[1,1,1]
    [5,P]:[2,5,1]->[3,5,2]
    [9,P]:[4,3,1]->[5,3,2]
    (1:1)  (1:2)  (1:3)  (1:4)  (1:5)  
    P---   P*P-   ----   P---   -W--   
    (2:1)  (2:2)  (2:3)  (2:4)  (2:5)  
    -W--   ----   ----   Y---   -P--   
    (3:1)  (3:2)  (3:3)  (3:4)  (3:5)  
    ----   P*--   O---   -W--   PP--   
    (4:1)  (4:2)  (4:3)  (4:4)  (4:5)  
    W---   Y---   ----   P---   ----   
    (5:1)  (5:2)  (5:3)  (5:4)  (5:5)  
    PYE-   ----   WP--   ----   ----   
->land
  state:10.0, mode:play, ok
  Tranquility base here - we've got a life!
